[INFO] Scanning for projects...
[INFO] 
[INFO] --------------------------< p.ramos.ms:users >--------------------------
[INFO] Building  0.0.1-SNAPSHOT
[INFO]   from pom.xml
[INFO] --------------------------------[ jar ]---------------------------------
[INFO] 
[INFO] >>> spring-boot:4.1.0:run (default-cli) > test-compile @ users >>>
[INFO] 
[INFO] --- resources:3.5.0:resources (default-resources) @ users ---
[INFO] Copying 1 resource from src\main\resources to target\classes
[INFO] Copying 0 resource from src\main\resources to target\classes
[INFO] 
[INFO] --- compiler:3.15.0:compile (default-compile) @ users ---
[INFO] Nothing to compile - all classes are up to date.
[INFO] 
[INFO] --- resources:3.5.0:testResources (default-testResources) @ users ---
[INFO] skip non existing resourceDirectory C:\Users\Pedro\Desktop\Projetos_pessoais\ecommerce-model\users\src\test\resources
[INFO] 
[INFO] --- compiler:3.15.0:testCompile (default-testCompile) @ users ---
[INFO] Recompiling the module because of changed source code.
[INFO] Compiling 1 source file with javac [debug parameters release 17] to target\test-classes
[INFO] 
[INFO] <<< spring-boot:4.1.0:run (default-cli) < test-compile @ users <<<
[INFO] 
[INFO] 
[INFO] --- spring-boot:4.1.0:run (default-cli) @ users ---
[INFO] Attaching agents: []

  .   ____          _            __ _ _
 /\\ / ___'_ __ _ _(_)_ __  __ _ \ \ \ \
( ( )\___ | '_ | '_| | '_ \/ _` | \ \ \ \
 \\/  ___)| |_)| | | | | || (_| |  ) ) ) )
  '  |____| .__|_| |_|_| |_\__, | / / / /
 =========|_|==============|___/=/_/_/_/

 :: Spring Boot ::                (v4.1.0)

2026-07-28T00:34:34.018-03:00  INFO 18400 --- [users] [  restartedMain] p.ramos.ms.users.UsersApplication        : Starting UsersApplication using Java 26.0.1 with PID 18400 (C:\Users\Pedro\Desktop\Projetos_pessoais\ecommerce-model\users\target\classes started by Pedro in C:\Users\Pedro\Desktop\Projetos_pessoais\ecommerce-model\users)
2026-07-28T00:34:34.022-03:00  INFO 18400 --- [users] [  restartedMain] p.ramos.ms.users.UsersApplication        : No active profile set, falling back to 1 default profile: "default"
2026-07-28T00:34:34.093-03:00  INFO 18400 --- [users] [  restartedMain] .e.DevToolsPropertyDefaultsPostProcessor : Devtools property defaults active! Set 'spring.devtools.add-properties' to 'false' to disable
2026-07-28T00:34:34.094-03:00  INFO 18400 --- [users] [  restartedMain] .e.DevToolsPropertyDefaultsPostProcessor : For additional web related logging consider setting the 'logging.level.web' property to 'DEBUG'
2026-07-28T00:34:35.244-03:00  INFO 18400 --- [users] [  restartedMain] .s.d.r.c.RepositoryConfigurationDelegate : Bootstrapping Spring Data JPA repositories in DEFAULT mode.
2026-07-28T00:34:35.354-03:00  INFO 18400 --- [users] [  restartedMain] .s.d.r.c.RepositoryConfigurationDelegate : Finished Spring Data repository scanning in 93 ms. Found 1 JPA repository interface.
2026-07-28T00:34:36.211-03:00  INFO 18400 --- [users] [  restartedMain] o.s.boot.tomcat.TomcatWebServer          : Tomcat initialized with port 8085 (http)
2026-07-28T00:34:36.240-03:00  INFO 18400 --- [users] [  restartedMain] o.apache.catalina.core.StandardService   : Starting service [Tomcat]
2026-07-28T00:34:36.241-03:00  INFO 18400 --- [users] [  restartedMain] o.apache.catalina.core.StandardEngine    : Starting Servlet engine: [Apache Tomcat/11.0.22]
2026-07-28T00:34:36.322-03:00  INFO 18400 --- [users] [  restartedMain] b.w.c.s.WebApplicationContextInitializer : Root WebApplicationContext: initialization completed in 2227 ms
2026-07-28T00:34:36.650-03:00  INFO 18400 --- [users] [  restartedMain] org.hibernate.orm.jpa                    : HHH008540: Processing PersistenceUnitInfo [name: default]
2026-07-28T00:34:36.788-03:00  INFO 18400 --- [users] [  restartedMain] org.hibernate.orm.core                   : HHH000001: Hibernate ORM core version 7.4.1.Final
2026-07-28T00:34:37.510-03:00  INFO 18400 --- [users] [  restartedMain] o.s.o.j.p.SpringPersistenceUnitInfo      : No LoadTimeWeaver setup: ignoring JPA class transformer
2026-07-28T00:34:37.560-03:00  INFO 18400 --- [users] [  restartedMain] com.zaxxer.hikari.HikariDataSource       : HikariPool-1 - Starting...
2026-07-28T00:34:37.839-03:00  INFO 18400 --- [users] [  restartedMain] com.zaxxer.hikari.pool.HikariPool        : HikariPool-1 - Added connection org.postgresql.jdbc.PgConnection@5571baa5
2026-07-28T00:34:37.843-03:00  INFO 18400 --- [users] [  restartedMain] com.zaxxer.hikari.HikariDataSource       : HikariPool-1 - Start completed.
2026-07-28T00:34:37.996-03:00  INFO 18400 --- [users] [  restartedMain] org.hibernate.orm.connections.pooling    : HHH10001005: Database info:
	Database JDBC URL [jdbc:postgresql://localhost:5433/users_db]
	Database driver: PostgreSQL JDBC Driver
	Database dialect: PostgreSQLDialect
	Database version: 15.17
	Default catalog/schema: users_db/public
	Autocommit mode: undefined/unknown
	Isolation level: READ_COMMITTED [default READ_COMMITTED]
	JDBC fetch size: none
	Pool: DataSourceConnectionProvider
	Minimum pool size: undefined/unknown
	Maximum pool size: undefined/unknown
2026-07-28T00:34:40.143-03:00  INFO 18400 --- [users] [  restartedMain] org.hibernate.orm.core                   : HHH000489: No JTA platform available (set 'hibernate.transaction.jta.platform' to enable JTA platform integration)
2026-07-28T00:34:40.225-03:00  INFO 18400 --- [users] [  restartedMain] j.LocalContainerEntityManagerFactoryBean : Initialized JPA EntityManagerFactory for persistence unit 'default'
2026-07-28T00:34:40.332-03:00  INFO 18400 --- [users] [  restartedMain] o.s.d.j.r.query.QueryEnhancerFactories   : Hibernate is in classpath; If applicable, HQL parser will be used.
2026-07-28T00:34:40.693-03:00  WARN 18400 --- [users] [  restartedMain] JpaBaseConfiguration$JpaWebConfiguration : spring.jpa.open-in-view is enabled by default. Therefore, database queries may be performed during view rendering. Explicitly configure spring.jpa.open-in-view to disable this warning
2026-07-28T00:34:41.756-03:00  INFO 18400 --- [users] [  restartedMain] o.s.boot.tomcat.TomcatWebServer          : Tomcat started on port 8085 (http) with context path '/'
2026-07-28T00:34:41.765-03:00  INFO 18400 --- [users] [  restartedMain] p.ramos.ms.users.UsersApplication        : Started UsersApplication in 8.466 seconds (process running for 9.175)
